// Vitest Snapshot v1, https://vitest.dev/guide/snapshot.html

exports[`translate > 7 segment 1`] = `
{
  "bits": {
    "0": [
      "1---",
      "-0-0",
      "--10",
      "--11",
      "-101",
    ],
    "1": [
      "-0-1",
      "-01-",
      "--11",
      "--00",
    ],
    "2": [
      "-0-1",
      "-1-0",
      "--11",
      "--00",
      "-101",
    ],
    "3": [
      "1---",
      "-0-0",
      "--10",
      "-01-",
      "-101",
    ],
    "4": [
      "-0-0",
      "--10",
    ],
    "5": [
      "1---",
      "-1-0",
      "--00",
      "-101",
    ],
    "6": [
      "1---",
      "-01-",
      "-1-0",
      "-101",
    ],
  },
  "complexity": {
    "andGates": 25,
    "orGates": 7,
    "wires": 91,
  },
  "raw": ".i 4
.o 7
.ilb A B C D
.ob a b c d e f g
.p 9
-0-0 1001100
-0-1 0110000
--10 1001100
-01- 0101001
-1-0 0010011
--11 1110000
--00 0110010
-101 1011011
1--- 1001011
.e",
  "text": "a = A + B'D' + CD' + CD + BC'D
b = B'D + B'C + CD + C'D'
c = B'D + BD' + CD + C'D' + BC'D
d = A + B'D' + CD' + B'C + BC'D
e = B'D' + CD'
f = A + BD' + C'D' + BC'D
g = A + B'C + BD' + BC'D",
}
`;
